#-----------------------------------------------------------
# Vivado v2025.1 (64-bit)
# SW Build 6140274 on Thu May 22 00:12:29 MDT 2025
# IP Build 6138677 on Thu May 22 03:10:11 MDT 2025
# SharedData Build 6139179 on Tue May 20 17:58:58 MDT 2025
# Start of session at: Thu Oct 23 14:08:30 2025
# Process ID         : 12768
# Current directory  : C:/Users/giova/FC_Layer_Simulation/project_AI
# Command line       : vivado.exe -gui_launcher_event rodinguilauncherevent23104 C:\Users\giova\FC_Layer_Simulation\project_AI\FC_Layer_Simulation.xpr
# Log file           : C:/Users/giova/FC_Layer_Simulation/project_AI/vivado.log
# Journal file       : C:/Users/giova/FC_Layer_Simulation/project_AI\vivado.jou
# Running On         : Giovana
# Platform           : Windows Server 2016 or Windows 10
# Operating System   : 26100
# Processor Detail   : AMD Ryzen 5 8540U w/ Radeon 740M Graphics      
# CPU Frequency      : 3194 MHz
# CPU Physical cores : 6
# CPU Logical cores  : 12
# Host memory        : 16438 MB
# Swap memory        : 6951 MB
# Total Virtual      : 23390 MB
# Available Virtual  : 2266 MB
#-----------------------------------------------------------
start_gui
open_project C:/Users/giova/FC_Layer_Simulation/project_AI/FC_Layer_Simulation.xpr
update_compile_order -fileset sources_1
